// Jest Snapshot v1, https://goo.gl/fbAQLP

exports[`can render with redux with custom store 1`] = `
<DocumentFragment>
  <div
    class="sc-bdVaJa hZqfbl"
  >
    <a
      href="/trip/1"
    >
      <svg
        aria-label="Go Back"
        style="fill: #4b5c6b; width: 20px; height: 20px; float: left; margin-top: 2px;"
        version="1.1"
        viewBox="0 0 199.404 199.404"
        xmlns="http://www.w3.org/2000/svg"
      >
        <g>
          <polygon
            points="135.412,0 35.709,99.702 135.412,199.404 163.695,171.119 92.277,99.702 163.695,28.285 	"
          />
        </g>
      </svg>
    </a>
    <h1
      class="sc-bwzfXH OVfcq"
    >
      Add Budget Category
    </h1>
    <button
      class="sc-htpNat fqCEYg"
    >
      <img
        alt="Account Options"
        class="sc-bxivhb jwtarI"
        src="https://picsum.photos/id/947/45/45"
      />
    </button>
  </div>
  <div
    class="sc-gqjmRU giWxzf"
  >
    <div
      class="sc-VigVT gaKuEu"
    />
    <div
      class="sc-jTzLTM bCKeMJ"
    >
      <h2
        class="sc-dnqmqq cknTFO"
      >
        Hawaii
      </h2>
      <div
        class="sc-fjdhpX bwGKTX"
      >
        <h3
          class="sc-iwsKbI kGErDA"
        >
          Apr 26, 1970 - Oct 1, 8307
        </h3>
        <h3
          class="sc-gZMcBi jjuknu"
        >
          $595 / $2000
        </h3>
      </div>
      <div
        class="sc-bZQynM kssguc"
      >
        <span
          class="sc-gzVnrw daRrCx"
          style="width: 29.731%; background-color: rgb(12, 124, 136);"
        />
      </div>
    </div>
  </div>
  <div
    class="sc-kEYyzF iRGgAI"
  >
    <div
      class="sc-jzJRlG IjJtL"
    >
      <label
        class="sc-cSHVUG cRQPO"
        for="1"
      >
        Name of Budget Category
      </label>
      <input
        class="sc-kAzzGY fnqkhj"
        id="1"
        placeholder="Example: Airfare, Food, Activities, etc."
        type="text"
        value=""
      />
    </div>
    <div
      class="sc-chPdSV ggauqL"
    >
      <label
        class="sc-kgoBCf jWugst"
        for="2"
      >
        Notes (optional)
      </label>
      <textarea
        class="sc-kGXeez dqJaTn"
        id="2"
        type="text"
      />
    </div>
    <div
      class="sc-hSdWYo cuSYRO"
    >
      <div
        class="sc-iAyFgw drEWVX"
      >
        <a
          backgroundcolor="transparent"
          border="0"
          buttontype="link"
          buttonwidth="auto"
          class="sc-jKJlTe bdDcOC"
          href="/trip/1"
          style="padding: 10px 0px;"
        >
          <span
            class="sc-eNQAEJ DRszw"
          >
            Cancel
          </span>
        </a>
        <button
          class="sc-dxgOiQ cJxUzR"
        >
          <span
            class="sc-ckVGcZ inkaIh"
            color="#fff"
          >
            Save
          </span>
        </button>
      </div>
    </div>
  </div>
</DocumentFragment>
`;
