// Jest Snapshot v1, https://goo.gl/fbAQLP

exports[`can render with redux with custom store 1`] = `
<DocumentFragment>
  <div
    class="sc-bdVaJa hZqfbl"
  >
    <a
      href="/trip/1"
    >
      <svg
        aria-label="Go Back"
        style="fill: #4b5c6b; width: 20px; height: 20px; float: left; margin-top: 2px;"
        version="1.1"
        viewBox="0 0 199.404 199.404"
        xmlns="http://www.w3.org/2000/svg"
      >
        <g>
          <polygon
            points="135.412,0 35.709,99.702 135.412,199.404 163.695,171.119 92.277,99.702 163.695,28.285 	"
          />
        </g>
      </svg>
    </a>
    <h1
      class="sc-bwzfXH OVfcq"
    >
      Add Expense
    </h1>
    <button
      class="sc-htpNat fqCEYg"
    >
      <img
        alt="Account Options"
        class="sc-bxivhb jwtarI"
        src="https://picsum.photos/id/947/45/45"
      />
    </button>
  </div>
  <div
    class="sc-gZMcBi irilpd"
  >
    <div
      class="sc-gqjmRU jdetvG"
    />
    <div
      class="sc-VigVT bjQgmE"
    >
      <h2
        class="sc-htoDjs eJUAaw"
      >
        Hawaii
      </h2>
      <div
        class="sc-jTzLTM hwwuHy"
      >
        <h3
          class="sc-dnqmqq jgPViO"
        >
          Apr 26, 1970 - Oct 1, 8307
        </h3>
        <h3
          class="sc-iwsKbI kGErDA"
        >
          $595 / $2000
        </h3>
      </div>
      <div
        class="sc-bZQynM bJqPLz"
      >
        <span
          class="sc-gzVnrw daRrCx"
          style="width: 29.731%; background-color: rgb(12, 124, 136);"
        />
      </div>
    </div>
  </div>
  <div
    class="sc-kkGfuU hexiOn"
  >
    <div
      class="sc-kAzzGY kDHigu"
    >
      <label
        class="sc-chPdSV dWjhBN"
        for="1"
      >
        Budget Category
      </label>
      <select
        class="sc-kgoBCf hstQNX"
        id="1"
      >
        <option
          value=""
        >
          Select category...
        </option>
        <option
          value="1"
        >
          Airfare
        </option>
      </select>
    </div>
    <div
      class="sc-kAzzGY kDHigu"
    >
      <label
        class="sc-chPdSV dWjhBN"
        for="2"
      >
        Budget Item
      </label>
      <select
        class="sc-kgoBCf hstQNX"
        id="2"
      >
        <option
          value=""
        >
          Select budget item...
        </option>
      </select>
    </div>
    <div
      class="sc-fjdhpX joeOdX"
    >
      <label
        class="sc-jzJRlG ddfqFX"
        for="3"
      >
        Summary of Expense
      </label>
      <input
        class="sc-cSHVUG gMdUiP"
        id="3"
        type="text"
        value=""
      />
    </div>
    <div
      class="sc-kAzzGY kDHigu"
    >
      <label
        class="sc-chPdSV dWjhBN"
        for="4"
      >
        Currency
      </label>
      <select
        class="sc-kgoBCf hstQNX"
        id="4"
      >
        <option
          value="USD"
        >
          USD ($)
        </option>
      </select>
    </div>
    <div
      class="sc-fjdhpX joeOdX"
    >
      <label
        class="sc-jzJRlG ddfqFX"
        for="5"
      >
        Amount Spent ($)
      </label>
      <input
        class="sc-cSHVUG gMdUiP"
        id="5"
        placeholder="0.00"
        type="text"
        value=""
      />
    </div>
    <h4
      class="sc-jWBwVP behuWI"
    >
      Date of Expense
    </h4>
    <div
      class="SingleDatePicker SingleDatePicker_1"
    >
      <div>
        <div
          class="SingleDatePickerInput SingleDatePickerInput_1 SingleDatePickerInput__withBorder SingleDatePickerInput__withBorder_2"
        >
          <div
            class="DateInput DateInput_1"
          >
            <input
              aria-describedby="DateInput__screen-reader-message-date"
              aria-label="Date"
              autocomplete="off"
              class="DateInput_input DateInput_input_1"
              id="date"
              name="date"
              placeholder="Date"
              type="text"
              value=""
            />
            <p
              class="DateInput_screenReaderMessage DateInput_screenReaderMessage_1"
              id="DateInput__screen-reader-message-date"
            >
              Press the down arrow key to interact with the calendar and
  select a date. Press the question mark key to get the keyboard shortcuts for changing dates.
            </p>
          </div>
        </div>
      </div>
    </div>
    <div
      class="sc-kGXeez eHIZIH"
    >
      <label
        class="sc-kpOJdX dUAXOm"
        for="6"
      >
        Notes (optional)
      </label>
      <textarea
        class="sc-dxgOiQ hMmbJw"
        id="6"
        type="text"
      />
    </div>
    <div
      class="sc-eHgmQL bybbGU"
    >
      <div
        class="sc-hSdWYo dLBuhP"
      >
        <a
          backgroundcolor="transparent"
          border="0"
          buttontype="link"
          buttonwidth="auto"
          class="sc-hMqMXs gfHGTf"
          href="/trip/1"
          style="padding: 10px 0px;"
        >
          <span
            class="sc-kEYyzF gjCxaV"
          >
            Cancel
          </span>
        </a>
        <button
          class="sc-jKJlTe bYhPIb"
        >
          <span
            class="sc-eNQAEJ iRrFMS"
            color="#fff"
          >
            Save
          </span>
        </button>
      </div>
    </div>
  </div>
</DocumentFragment>
`;
