// Jest Snapshot v1, https://goo.gl/fbAQLP

exports[`can render with redux with custom store 1`] = `
<DocumentFragment>
  <div
    class="sc-bdVaJa hZqfbl"
  >
    <a
      href="/trip/1/budget-category/1/budget-item/1"
    >
      <svg
        aria-label="Go Back"
        style="fill: #4b5c6b; width: 20px; height: 20px; float: left; margin-top: 2px;"
        version="1.1"
        viewBox="0 0 199.404 199.404"
        xmlns="http://www.w3.org/2000/svg"
      >
        <g>
          <polygon
            points="135.412,0 35.709,99.702 135.412,199.404 163.695,171.119 92.277,99.702 163.695,28.285 	"
          />
        </g>
      </svg>
    </a>
    <h1
      class="sc-bwzfXH OVfcq"
    >
      Edit Expense
    </h1>
    <button
      class="sc-htpNat fqCEYg"
    >
      <img
        alt="Account Options"
        class="sc-bxivhb jwtarI"
        src="https://picsum.photos/id/947/45/45"
      />
    </button>
  </div>
  <div
    class="sc-gqjmRU giWxzf"
  >
    <div
      class="sc-VigVT gaKuEu"
    />
    <div
      class="sc-jTzLTM bCKeMJ"
    >
      <h2
        class="sc-dnqmqq cknTFO"
      >
        Hawaii
      </h2>
      <div
        class="sc-fjdhpX bwGKTX"
      >
        <h3
          class="sc-iwsKbI kGErDA"
        >
          Apr 26, 1970 - Oct 1, 8307
        </h3>
        <h3
          class="sc-gZMcBi jjuknu"
        >
          $595 / $2000
        </h3>
      </div>
      <div
        class="sc-bZQynM kssguc"
      >
        <span
          class="sc-gzVnrw daRrCx"
          style="width: 29.731%; background-color: rgb(12, 124, 136);"
        />
      </div>
    </div>
  </div>
  <div
    class="sc-iAyFgw liuGQO"
  >
    <div
      class="sc-chPdSV ggauqL"
    >
      <label
        class="sc-kgoBCf jWugst"
        for="7"
      >
        Budget Category
      </label>
      <select
        class="sc-kGXeez igobmm"
        id="7"
      >
        <option
          value=""
        >
          Select category...
        </option>
        <option
          value="1"
        >
          Airfare
        </option>
      </select>
    </div>
    <div
      class="sc-chPdSV ggauqL"
    >
      <label
        class="sc-kgoBCf jWugst"
        for="8"
      >
        Budget Item
      </label>
      <select
        class="sc-kGXeez igobmm"
        id="8"
      >
        <option
          value=""
        >
          Select budget item...
        </option>
        <option
          value="1"
        >
          Flights
        </option>
      </select>
    </div>
    <div
      class="sc-jzJRlG IjJtL"
    >
      <label
        class="sc-cSHVUG cRQPO"
        for="9"
      >
        Summary of Expense
      </label>
      <input
        class="sc-kAzzGY fnqkhj"
        id="9"
        type="text"
        value="Southwest"
      />
    </div>
    <div
      class="sc-chPdSV ggauqL"
    >
      <label
        class="sc-kgoBCf jWugst"
        for="10"
      >
        Currency
      </label>
      <select
        class="sc-kGXeez igobmm"
        id="10"
      >
        <option
          value="USD"
        >
          USD ($)
        </option>
      </select>
    </div>
    <div
      class="sc-jzJRlG IjJtL"
    >
      <label
        class="sc-cSHVUG cRQPO"
        for="11"
      >
        Amount Spent ($)
      </label>
      <input
        class="sc-kAzzGY fnqkhj"
        id="11"
        placeholder="0.00"
        type="text"
        value="594.62"
      />
    </div>
    <h4
      class="sc-brqgnP dAAUQp"
    >
      Date of Expense
    </h4>
    <div
      class="SingleDatePicker SingleDatePicker_1"
    >
      <div>
        <div
          class="SingleDatePickerInput SingleDatePickerInput_1 SingleDatePickerInput__withBorder SingleDatePickerInput__withBorder_2"
        >
          <div
            class="DateInput DateInput_1"
          >
            <input
              aria-describedby="DateInput__screen-reader-message-date"
              aria-label="Date"
              autocomplete="off"
              class="DateInput_input DateInput_input_1"
              id="date"
              name="date"
              placeholder="Date"
              type="text"
              value="04/26/1970"
            />
            <p
              class="DateInput_screenReaderMessage DateInput_screenReaderMessage_1"
              id="DateInput__screen-reader-message-date"
            >
              Press the down arrow key to interact with the calendar and
  select a date. Press the question mark key to get the keyboard shortcuts for changing dates.
            </p>
          </div>
        </div>
      </div>
    </div>
    <div
      class="sc-kpOJdX gmjvWo"
    >
      <label
        class="sc-dxgOiQ iSJjZo"
        for="12"
      >
        Notes (optional)
      </label>
      <textarea
        class="sc-ckVGcZ ghlYtQ"
        id="12"
        type="text"
      />
    </div>
    <div
      class="sc-cvbbAY cRSpJc"
    >
      <div
        class="sc-eHgmQL cCPhbK"
      >
        <a
          backgroundcolor="transparent"
          border="0"
          buttontype="link"
          buttonwidth="auto"
          class="sc-kEYyzF cTKVSV"
          href="/trip/1"
          style="padding: 10px 0px;"
        >
          <span
            class="sc-kkGfuU eoArlz"
          >
            Cancel
          </span>
        </a>
        <button
          class="sc-eNQAEJ ivClSM"
        >
          <span
            class="sc-hMqMXs dzkwxq"
            color="#fff"
          >
            Save
          </span>
        </button>
      </div>
    </div>
  </div>
</DocumentFragment>
`;
