// Jest Snapshot v1, https://goo.gl/fbAQLP

exports[`can render with redux with custom store 1`] = `
<DocumentFragment>
  <div
    class="sc-bdVaJa hZqfbl"
  >
    <a
      href="/trip/1"
    >
      <svg
        style="fill: #4b5c6b; width: 20px; height: 20px; float: left; margin-top: 2px;"
        version="1.1"
        viewBox="0 0 199.404 199.404"
        xmlns="http://www.w3.org/2000/svg"
      >
        <g>
          <polygon
            points="135.412,0 35.709,99.702 135.412,199.404 163.695,171.119 92.277,99.702 163.695,28.285 	"
          />
        </g>
      </svg>
    </a>
    <div
      class="sc-bwzfXH ebZROL"
    >
      Add Budget Category
    </div>
    <div
      class="sc-htpNat KtFsv"
    >
      <img
        alt=""
        class="sc-bxivhb bfhPyW"
        src="https://picsum.photos/id/947/45/45"
      />
    </div>
  </div>
  <div
    class="sc-dnqmqq hHLyWY"
  >
    <div
      class="sc-iwsKbI kJJCAh"
    />
    <div
      class="sc-gZMcBi hiFDYw"
    >
      <div
        class="sc-gqjmRU erqAtP"
      >
        <h2>
          Hawaii
        </h2>
        <h3>
          Apr 26, 1970 - Oct 1, 8307
        </h3>
      </div>
      <div
        class="sc-bZQynM kssguc"
      >
        <span
          class="sc-gzVnrw daRrCx"
          style="width: 29.731%; background-color: rgb(26, 174, 159);"
        />
        <div
          class="sc-htoDjs eFTFIK"
        >
          $595 of $2000
        </div>
      </div>
    </div>
  </div>
  <div
    class="sc-jKJlTe bfKxYj"
  >
    <div
      class="sc-VigVT gvowFa"
    >
      <label
        class="sc-jTzLTM bNEnbO"
        for="1"
      >
        Name of Budget Category
      </label>
      <input
        class="sc-fjdhpX juXCUk"
        id="1"
        placeholder="Example: Airfare, Food, Activities, etc."
        type="text"
        value="Airfare"
      />
    </div>
    <div
      class="sc-jzJRlG IjJtL"
    >
      <label
        class="sc-cSHVUG cRQPO"
        for="2"
      >
        Notes (optional)
      </label>
      <textarea
        class="sc-kAzzGY eBwpVX"
        id="2"
        type="text"
      />
    </div>
    <div
      class="sc-kEYyzF eWweWs"
    >
      <button
        class="sc-kgoBCf hZklbq"
        style="padding: 10px 0px;"
      >
        <span
          class="sc-kGXeez XqQGe"
        >
          Delete
        </span>
      </button>
      <div
        class="sc-hMqMXs jmsAuy"
      >
        <a
          backgroundcolor="transparent"
          border="0"
          buttontype="link"
          buttonwidth="auto"
          class="sc-kpOJdX kfidXQ"
          href="/trip/1"
          style="padding: 10px 0px;"
        >
          <span
            class="sc-dxgOiQ igSPKh"
          >
            Cancel
          </span>
        </a>
        <button
          class="sc-kgoBCf dIQRzJ"
        >
          <span
            class="sc-kGXeez dRkePS"
            color="#fff"
          >
            Save
          </span>
        </button>
      </div>
    </div>
  </div>
</DocumentFragment>
`;
