// Jest Snapshot v1, https://goo.gl/fbAQLP

exports[`can render with redux with custom store 1`] = `
<DocumentFragment>
  <div
    class="sc-bdVaJa hZqfbl"
  >
    <a
      href="/trip/1"
    >
      <svg
        aria-label="Go Back"
        style="fill: #4b5c6b; width: 20px; height: 20px; float: left; margin-top: 2px;"
        version="1.1"
        viewBox="0 0 199.404 199.404"
        xmlns="http://www.w3.org/2000/svg"
      >
        <g>
          <polygon
            points="135.412,0 35.709,99.702 135.412,199.404 163.695,171.119 92.277,99.702 163.695,28.285 	"
          />
        </g>
      </svg>
    </a>
    <h1
      class="sc-bwzfXH OVfcq"
    >
      Add Budget Category
    </h1>
    <button
      class="sc-htpNat fqCEYg"
    >
      <img
        alt="Account Options"
        class="sc-bxivhb jwtarI"
        src="https://picsum.photos/id/947/45/45"
      />
    </button>
  </div>
  <div
    class="sc-gZMcBi irilpd"
  >
    <div
      class="sc-gqjmRU jdetvG"
    />
    <div
      class="sc-VigVT bjQgmE"
    >
      <h2
        class="sc-htoDjs eJUAaw"
      >
        Hawaii
      </h2>
      <div
        class="sc-jTzLTM hwwuHy"
      >
        <h3
          class="sc-dnqmqq jgPViO"
        >
          Apr 26, 1970 - Oct 1, 8307
        </h3>
        <h3
          class="sc-iwsKbI kGErDA"
        >
          $595 / $2000
        </h3>
      </div>
      <div
        class="sc-bZQynM bJqPLz"
      >
        <span
          class="sc-gzVnrw daRrCx"
          style="width: 29.731%; background-color: rgb(12, 124, 136);"
        />
      </div>
    </div>
  </div>
  <div
    class="sc-hMqMXs iuWZXQ"
  >
    <div
      class="sc-fjdhpX joeOdX"
    >
      <label
        class="sc-jzJRlG ddfqFX"
        for="1"
      >
        Name of Budget Category
      </label>
      <input
        class="sc-cSHVUG gMdUiP"
        id="1"
        placeholder="Example: Airfare, Food, Activities, etc."
        type="text"
        value="Airfare"
      />
    </div>
    <div
      class="sc-kAzzGY kDHigu"
    >
      <label
        class="sc-chPdSV dWjhBN"
        for="2"
      >
        Notes (optional)
      </label>
      <textarea
        class="sc-kgoBCf kPOuft"
        id="2"
        type="text"
      />
    </div>
    <div
      class="sc-iAyFgw bmSzBj"
    >
      <button
        class="sc-kpOJdX gTDkiN"
        style="padding: 10px 0px;"
      >
        <span
          class="sc-dxgOiQ igSPKh"
        >
          Delete
        </span>
      </button>
      <div
        class="sc-kkGfuU cOuTTm"
      >
        <a
          backgroundcolor="transparent"
          border="0"
          buttontype="link"
          buttonwidth="auto"
          class="sc-ckVGcZ lamJJh"
          href="/trip/1"
          style="padding: 10px 0px;"
        >
          <span
            class="sc-jKJlTe cBpjwl"
          >
            Cancel
          </span>
        </a>
        <button
          class="sc-kpOJdX dgoBcT"
        >
          <span
            class="sc-dxgOiQ iZtcok"
            color="#fff"
          >
            <a
              backgroundcolor="transparent"
              border="0"
              buttontype="link"
              buttonwidth="auto"
              class="sc-kAzzGY fsudaQ"
              href="/trip/1"
              style="padding: 10px 0px;"
            >
              <span
                class="sc-chPdSV IudMt"
              >
                Cancel
              </span>
            </a>
            <button
              class="sc-jzJRlG hjpZFG"
            >
              <span
                class="sc-cSHVUG hQiayu"
                color="#fff"
              >
                Save
              </span>
            </button>
          </div>
        </div>
      </div>
    </div>
  </div>
</DocumentFragment>
`;
