// Jest Snapshot v1, https://goo.gl/fbAQLP

exports[`renders 1`] = `
<DocumentFragment>
  <div
    class="sc-htpNat eTyPZp"
  >
    <div
      class="sc-bxivhb fACChQ"
    >
      <h1
        class="sc-ifAKCX kxMoYE"
      >
        Voyageur
      </h1>
      <h2
        class="sc-EHOje iMeQMt"
      >
        Travel Planner
      </h2>
      <a
        class="sc-bdVaJa gtQkNQ"
        href="/auth/google"
        style="display: inline-block;"
      >
        <span
          class="sc-bwzfXH hAnPLf"
          color="#fff"
        >
          Sign In with Google
        </span>
      </a>
    </div>
  </div>
</DocumentFragment>
`;
