// Jest Snapshot v1, https://goo.gl/fbAQLP

exports[`renders 1`] = `
<DocumentFragment>
  <div>
    <div
      class="sc-htpNat kQGlvF"
    >
      <div
        class="sc-bxivhb fACChQ"
      >
        <h1
          class="sc-ifAKCX kxMoYE"
        >
          Voyageur
        </h1>
        <h2
          class="sc-EHOje iMeQMt"
        >
          Travel Budget Planner
        </h2>
        <a
          class="sc-bdVaJa fNsMgz"
          href="/auth/google"
          style="display: inline-block;"
        >
          <span
            class="sc-bwzfXH hAnPLf"
            color="#fff"
          >
            Sign In with Google
          </span>
        </a>
      </div>
    </div>
  </div>
</DocumentFragment>
`;
