// Jest Snapshot v1, https://goo.gl/fbAQLP

exports[`can render with redux with custom store 1`] = `
<DocumentFragment>
  <div
    class="sc-bdVaJa hZqfbl"
  >
    <a
      href="/"
    >
      <svg
        style="fill: #4b5c6b; width: 20px; height: 20px; float: left; margin-top: 2px;"
        version="1.1"
        viewBox="0 0 199.404 199.404"
        xmlns="http://www.w3.org/2000/svg"
      >
        <g>
          <polygon
            points="135.412,0 35.709,99.702 135.412,199.404 163.695,171.119 92.277,99.702 163.695,28.285 	"
          />
        </g>
      </svg>
    </a>
    <div
      class="sc-bwzfXH ebZROL"
    >
      Trip Details
    </div>
    <div
      class="sc-htpNat KtFsv"
    >
      <img
        alt=""
        class="sc-bxivhb bfhPyW"
        src="https://picsum.photos/id/947/45/45"
      />
    </div>
  </div>
  <div
    class="sc-dnqmqq hHLyWY"
  >
    <div
      class="sc-iwsKbI kJJCAh"
    />
    <div
      class="sc-gZMcBi hiFDYw"
    >
      <div
        class="sc-gqjmRU erqAtP"
      >
        <h2>
          Hawaii
        </h2>
        <h3>
          Apr 26, 1970 - Oct 1, 8307
        </h3>
      </div>
      <div
        class="sc-bZQynM kssguc"
      >
        <span
          class="sc-gzVnrw daRrCx"
          style="width: 29.731%; background-color: rgb(26, 174, 159);"
        />
        <div
          class="sc-htoDjs eFTFIK"
        >
          $595 of $2000
        </div>
      </div>
    </div>
  </div>
  <div
    class="sc-dxgOiQ jSmIIM"
    style="text-align: center;"
  >
    <a
      border="0"
      buttontype="primary"
      class="sc-VigVT egfiws"
      href="/trip/1/add-expense"
      style="display: inline-block; width: auto;"
    >
      <span
        class="sc-jTzLTM cntDpR"
        color="#fff"
      >
        Add Expense
      </span>
    </a>
  </div>
  <div
    class="sc-ckVGcZ gZikyS"
  >
    <div
      class="sc-kAzzGY djjpzf"
    >
      <h3
        class="sc-chPdSV bsMEyv"
      >
        <span>
          Airfare
        </span>
        <a
          backgroundcolor="transparent"
          border="0"
          buttontype="link"
          class="sc-VigVT jTYWhV"
          href="/trip/1/budget-category/1/edit"
          style="padding: 0px 10px; margin: 0px; width: auto; font-size: .8em;"
        >
          <span
            class="sc-jTzLTM gVGdst"
          >
            Edit
          </span>
        </a>
      </h3>
      <div
        class="sc-bZQynM kssguc"
      >
        <span
          class="sc-gzVnrw daRrCx"
          style="width: 29.731%; background-color: rgb(26, 174, 159);"
        />
        <div
          class="sc-htoDjs eFTFIK"
        >
          $595 of $2000
        </div>
      </div>
      <hr
        class="sc-kgoBCf laoPFe"
      />
      <h3
        class="sc-cSHVUG jhoblE"
      >
        <span>
          Flights
        </span>
        <a
          backgroundcolor="transparent"
          border="0"
          buttontype="link"
          class="sc-VigVT jTYWhV"
          href="/trip/1/budget-category/1/budget-item/1"
          style="padding: 0px 10px; margin: 0px; width: auto; font-size: .8em;"
        >
          <span
            class="sc-jTzLTM gVGdst"
          >
            View Expenses
          </span>
        </a>
        <a
          backgroundcolor="transparent"
          border="0"
          buttontype="link"
          class="sc-VigVT jTYWhV"
          href="/trip/1/budget-category/1/budget-item/1/edit"
          style="padding: 0px 10px; margin: 0px; width: auto; font-size: .8em;"
        >
          <span
            class="sc-jTzLTM gVGdst"
          >
            Edit
          </span>
        </a>
      </h3>
      <div
        class="sc-bZQynM kssguc"
      >
        <span
          class="sc-gzVnrw daRrCx"
          style="width: 29.731%; background-color: rgb(26, 174, 159);"
        />
        <div
          class="sc-htoDjs eFTFIK"
        >
          $595 of $2000
        </div>
      </div>
      <div
        class="sc-kGXeez llrsyy"
      >
        <a
          backgroundcolor="#fff"
          border="1px solid undefined"
          buttontype="secondary"
          class="sc-VigVT jHVPNq"
          href="/trip/1/budget-category/1/add-budget-item"
          style="display: inline-block; width: auto; margin: 20px 0px 0px 0px;"
        >
          <span
            class="sc-jTzLTM kxKxxq"
          >
            Add Budget Item
          </span>
        </a>
      </div>
    </div>
  </div>
  <div
    class="sc-dxgOiQ jSmIIM"
    style="text-align: center;"
  >
    <a
      backgroundcolor="#fff"
      border="1px solid undefined"
      buttontype="secondary"
      class="sc-VigVT jHVPNq"
      href="/trip/1/add-budget-category"
      style="display: inline-block; width: auto;"
    >
      <span
        class="sc-jTzLTM kxKxxq"
      >
        Add Budget Category
      </span>
    </a>
    <br />
    <a
      backgroundcolor="transparent"
      border="0"
      buttontype="link"
      class="sc-VigVT jTYWhV"
      href="/trip/1/edit"
      style="display: inline-block; width: auto;"
    >
      <span
        class="sc-jTzLTM gVGdst"
      >
        Edit Trip
      </span>
    </a>
    <br />
    <button
      class="sc-fjdhpX gYGvET"
      style="display: inline-block; width: auto;"
    >
      <span
        class="sc-jzJRlG cphvgw"
      >
        Delete Trip
      </span>
    </button>
  </div>
</DocumentFragment>
`;
