// Jest Snapshot v1, https://goo.gl/fbAQLP

exports[`can render with redux with custom store 1`] = `
<DocumentFragment>
  <div
    class="sc-bdVaJa hZqfbl"
  >
    <a
      href="/"
    >
      <svg
        aria-label="Go Back"
        style="fill: #4b5c6b; width: 20px; height: 20px; float: left; margin-top: 2px;"
        version="1.1"
        viewBox="0 0 199.404 199.404"
        xmlns="http://www.w3.org/2000/svg"
      >
        <g>
          <polygon
            points="135.412,0 35.709,99.702 135.412,199.404 163.695,171.119 92.277,99.702 163.695,28.285 	"
          />
        </g>
      </svg>
    </a>
    <h1
      class="sc-bwzfXH OVfcq"
    >
      Trip Details
    </h1>
    <button
      class="sc-htpNat fqCEYg"
    >
      <img
        alt="Account Options"
        class="sc-bxivhb jwtarI"
        src="https://picsum.photos/id/947/45/45"
      />
    </button>
  </div>
  <div
    class="sc-gZMcBi irilpd"
  >
    <div
      class="sc-gqjmRU jdetvG"
    />
    <div
      class="sc-VigVT bjQgmE"
    >
      <h2
        class="sc-htoDjs eJUAaw"
      >
        Hawaii
      </h2>
      <div
        class="sc-jTzLTM hwwuHy"
      >
        <h3
          class="sc-dnqmqq jgPViO"
        >
          Apr 26, 1970 - Oct 1, 8307
        </h3>
        <h3
          class="sc-iwsKbI kGErDA"
        >
          $595 / $2000
        </h3>
      </div>
      <div
        class="sc-bZQynM bJqPLz"
      >
        <span
          class="sc-gzVnrw daRrCx"
          style="width: 29.731%; background-color: rgb(12, 124, 136);"
        />
      </div>
    </div>
  </div>
  <div
    class="sc-eHgmQL dVovqt"
    style="text-align: center;"
  >
    <a
      border="0"
      buttontype="primary"
      class="sc-fjdhpX hWrGoY"
      href="/trip/1/add-expense"
      style="display: inline-block; width: auto;"
    >
      <span
        class="sc-jzJRlG gLLVms"
        color="#fff"
      >
        Add Expense
      </span>
    </a>
  </div>
  <div
    class="sc-cvbbAY jZSbQA"
  >
    <div
      class="sc-ckVGcZ jutrEE"
    >
      <h3
        class="sc-jKJlTe huPcXk"
      >
        <span>
          Airfare
        </span>
        <span
          class="sc-eNQAEJ gUOWvj"
        >
          $595 / $2000
        </span>
      </h3>
      <div
        class="sc-hMqMXs hfbTqN"
      >
        <div
          class="sc-bZQynM bJqPLz"
        >
          <span
            class="sc-gzVnrw daRrCx"
            style="width: 29.731%; background-color: rgb(12, 124, 136);"
          />
        </div>
        <a
          class="sc-kEYyzF aOQKm"
          href="/trip/1/budget-category/1/edit"
        >
          <svg
            aria-label="Edit"
            style="fill: #0C7C88; padding: 5px; width: 30px; display: block;"
            viewBox="0 0 528.899 528.899"
            xmlns="http://www.w3.org/2000/svg"
          >
            <path
              d="M328.883 89.125l107.59 107.589-272.34 272.34L56.604 361.465l272.279-272.34zm189.23-25.948l-47.981-47.981c-18.543-18.543-48.653-18.543-67.259 0l-45.961 45.961 107.59 107.59 53.611-53.611c14.382-14.383 14.382-37.577 0-51.959zM.3 512.69c-1.958 8.812 5.998 16.708 14.811 14.565l119.891-29.069L27.473 390.597.3 512.69z"
            />
          </svg>
        </a>
      </div>
      <hr
        class="sc-kkGfuU pwRGK"
      />
      <div>
        <a
          class="sc-kgoBCf inJPmH"
          href="/trip/1/budget-category/1/budget-item/1"
        >
          <h3
            class="sc-chPdSV kukxAS"
          >
            <span>
              Flights
            </span>
            <span
              class="sc-kGXeez jCKLxH"
            >
              $595 / $2000
            </span>
          </h3>
        </a>
        <div
          class="sc-kpOJdX caepzu"
        >
          <div
            class="sc-bZQynM bJqPLz"
          >
            <span
              class="sc-gzVnrw daRrCx"
              style="width: 29.731%; background-color: rgb(12, 124, 136);"
            />
          </div>
          <a
            class="sc-dxgOiQ hTVfts"
            href="/trip/1/budget-category/1/budget-item/1/edit"
          >
            <svg
              aria-label="Edit"
              style="fill: #0C7C88; padding: 5px; width: 30px; display: block;"
              viewBox="0 0 528.899 528.899"
              xmlns="http://www.w3.org/2000/svg"
            >
              <path
                d="M328.883 89.125l107.59 107.589-272.34 272.34L56.604 361.465l272.279-272.34zm189.23-25.948l-47.981-47.981c-18.543-18.543-48.653-18.543-67.259 0l-45.961 45.961 107.59 107.59 53.611-53.611c14.382-14.383 14.382-37.577 0-51.959zM.3 512.69c-1.958 8.812 5.998 16.708 14.811 14.565l119.891-29.069L27.473 390.597.3 512.69z"
              />
            </svg>
          </a>
        </div>
      </div>
      <div
        class="sc-iAyFgw ingqVW"
      >
        <a
          backgroundcolor="#fff"
          border="1px solid undefined"
          buttontype="secondary"
          class="sc-fjdhpX hPjvLD"
          href="/trip/1/budget-category/1/add-budget-item"
          style="display: inline-block; width: auto; margin: 20px 0px 0px 0px;"
        >
          <span
            class="sc-jzJRlG bdJePF"
          >
            Add Budget Item
          </span>
        </a>
      </div>
    </div>
  </div>
  <div
    class="sc-eHgmQL dVovqt"
    style="text-align: center;"
  >
    <a
      backgroundcolor="#fff"
      border="1px solid undefined"
      buttontype="secondary"
      class="sc-fjdhpX hPjvLD"
      href="/trip/1/add-budget-category"
      style="display: inline-block; width: auto;"
    >
      <span
        class="sc-jzJRlG bdJePF"
      >
        Add Budget Category
      </span>
    </a>
    <br />
    <a
      backgroundcolor="transparent"
      border="0"
      buttontype="link"
      class="sc-fjdhpX cPSYhm"
      href="/trip/1/edit"
      style="display: inline-block; width: auto;"
    >
      <span
        class="sc-jzJRlG cphvgw"
      >
        Edit Trip
      </span>
    </a>
    <br />
    <button
      class="sc-cSHVUG eEEEQl"
      style="display: inline-block; width: auto;"
    >
      <span
        class="sc-kAzzGY fnAiYw"
      >
        Delete Trip
      </span>
    </button>
  </div>
</DocumentFragment>
`;
