// Jest Snapshot v1, https://goo.gl/fbAQLP

exports[`can render with redux with custom store 1`] = `
<DocumentFragment>
  <div
    class="sc-bdVaJa hZqfbl"
  >
    <a
      href="/trip/1"
    >
      <svg
        aria-label="Go Back"
        style="fill: #4b5c6b; width: 20px; height: 20px; float: left; margin-top: 2px;"
        version="1.1"
        viewBox="0 0 199.404 199.404"
        xmlns="http://www.w3.org/2000/svg"
      >
        <g>
          <polygon
            points="135.412,0 35.709,99.702 135.412,199.404 163.695,171.119 92.277,99.702 163.695,28.285 	"
          />
        </g>
      </svg>
    </a>
    <h1
      class="sc-bwzfXH OVfcq"
    >
      Expenses
    </h1>
    <button
      class="sc-htpNat fqCEYg"
    >
      <img
        alt="Account Options"
        class="sc-bxivhb jwtarI"
        src="https://picsum.photos/id/947/45/45"
      />
    </button>
  </div>
  <div
    class="sc-gZMcBi irilpd"
  >
    <div
      class="sc-gqjmRU jdetvG"
    />
    <div
      class="sc-VigVT bjQgmE"
    >
      <h2
        class="sc-htoDjs eJUAaw"
      >
        Hawaii
      </h2>
      <div
        class="sc-jTzLTM hwwuHy"
      >
        <h3
          class="sc-dnqmqq jgPViO"
        >
          Apr 26, 1970 - Oct 1, 8307
        </h3>
        <h3
          class="sc-iwsKbI kGErDA"
        >
          $595 / $2000
        </h3>
      </div>
      <div
        class="sc-bZQynM bJqPLz"
      >
        <span
          class="sc-gzVnrw daRrCx"
          style="width: 29.731%; background-color: rgb(12, 124, 136);"
        />
      </div>
    </div>
  </div>
  <div
    class="sc-fjdhpX cEgVjZ"
    style="text-align: center;"
  >
    <a
      backgroundcolor="#fff"
      border="1px solid undefined"
      buttontype="secondary"
      class="sc-cSHVUG kRuKxF"
      href="/trip/1/budget-category/undefined/budget-item/1/edit"
      style="display: inline-block; width: auto;"
    >
      <span
        class="sc-kAzzGY bHtwBc"
      >
        Edit Budget Item
      </span>
    </a>
    <a
      border="0"
      buttontype="primary"
      class="sc-cSHVUG jjqiN"
      href="/trip/1/add-expense?budgetCategory=undefined&budgetItem=1"
      style="display: inline-block; width: auto;"
    >
      <span
        class="sc-kAzzGY dGVcPW"
        color="#fff"
      >
        Add Expense
      </span>
    </a>
  </div>
  <h3
    class="sc-chPdSV iOlqCA"
  >
    Flights
  </h3>
  <p
    class="sc-kgoBCf jeUSFd"
  />
  <a
    class="sc-kGXeez fvGLaV"
    href="/trip/1/budget-category/1/budget-item/1/expense/1"
  >
    <div
      class="sc-kpOJdX fNOeAa"
    >
      <div
        class="sc-ckVGcZ kqwgjn"
      >
        Apr 26
      </div>
      <div
        class="sc-jKJlTe dLesXc"
      >
        Edit
      </div>
    </div>
    <div
      class="sc-dxgOiQ cKTFPp"
    >
      <h4
        class="sc-eNQAEJ kfedmo"
      >
        Southwest
      </h4>
      <div
        class="sc-hMqMXs cPxEnv"
      >
        $594.62
      </div>
    </div>
  </a>
</DocumentFragment>
`;
