// Jest Snapshot v1, https://goo.gl/fbAQLP

exports[`can render with redux with custom store 1`] = `
<DocumentFragment>
  <div
    class="sc-bdVaJa hZqfbl"
  >
    <a
      href="/trip/1"
    >
      <svg
        style="fill: #4b5c6b; width: 20px; height: 20px; float: left; margin-top: 2px;"
        version="1.1"
        viewBox="0 0 199.404 199.404"
        xmlns="http://www.w3.org/2000/svg"
      >
        <g>
          <polygon
            points="135.412,0 35.709,99.702 135.412,199.404 163.695,171.119 92.277,99.702 163.695,28.285 	"
          />
        </g>
      </svg>
    </a>
    <div
      class="sc-bwzfXH ebZROL"
    >
      Expenses
    </div>
    <div
      class="sc-htpNat KtFsv"
    >
      <img
        alt=""
        class="sc-bxivhb bfhPyW"
        src="https://picsum.photos/id/947/45/45"
      />
    </div>
  </div>
  <div
    class="sc-dnqmqq hHLyWY"
  >
    <div
      class="sc-iwsKbI kJJCAh"
    />
    <div
      class="sc-gZMcBi hiFDYw"
    >
      <div
        class="sc-gqjmRU erqAtP"
      >
        <h2>
          Hawaii
        </h2>
        <h3>
          Apr 26, 1970 - Oct 1, 8307
        </h3>
      </div>
      <div
        class="sc-bZQynM kssguc"
      >
        <span
          class="sc-gzVnrw daRrCx"
          style="width: 29.731%; background-color: rgb(26, 174, 159);"
        />
        <div
          class="sc-htoDjs eFTFIK"
        >
          $595 of $2000
        </div>
      </div>
    </div>
  </div>
  <div
    class="sc-VigVT inHdkh"
    style="text-align: center;"
  >
    <a
      border="0"
      buttontype="primary"
      class="sc-fjdhpX gOLRXm"
      href="/trip/1/add-expense?budgetCategory=undefined&budgetItem=1"
      style="display: inline-block; width: auto;"
    >
      <span
        class="sc-jzJRlG gLLVms"
        color="#fff"
      >
        Add Expense
      </span>
    </a>
  </div>
  <h3
    class="sc-cSHVUG CNtvp"
  >
    Flights
  </h3>
  <p
    class="sc-kAzzGY kofHkh"
  />
  <a
    class="sc-chPdSV dEDldx"
    href="/trip/1/budget-category/1/budget-item/1/expense/1"
  >
    <div
      class="sc-kgoBCf cgWsbB"
    >
      <div
        class="sc-kpOJdX cLmwrx"
      >
        Apr 26
      </div>
      <div
        class="sc-dxgOiQ jiNTvo"
      >
        Edit
      </div>
    </div>
    <div
      class="sc-kGXeez czCHO"
    >
      <h4
        class="sc-ckVGcZ kOFVvr"
      >
        Southwest
      </h4>
      <div
        class="sc-jKJlTe loXQau"
      >
        $594.62
      </div>
    </div>
  </a>
</DocumentFragment>
`;
